Microchip MPLAB XC8 Compiler V2.05 ()

Linker command line:

-W-3 --edf=C:\Program Files (x86)\Microchip\xc8\v2.05\pic\dat\en_msgs.txt \
  -cs -h+dist/default/production\Brass2Go.X.production.sym \
  --cmf=dist/default/production\Brass2Go.X.production.cmf -z -Q16F1778 \
  -oC:\Users\Toshi\AppData\Local\Temp\scd8.2 --defsym=__MPLAB_BUILD=1 \
  -Mdist/default/production/Brass2Go.X.production.map -E1 -ver=XC8 \
  --acfsm=1493 -ASTACK=02410h-027EFh -pstack=STACK -ACODE=00h-07FFhx8 \
  -ASTRCODE=00h-03FFFh -ASTRING=00h-0FFhx64 -ACONST=00h-0FFhx64 \
  -AENTRY=00h-0FFhx64 -ACOMMON=070h-07Fh -ABANK0=020h-06Fh \
  -ABANK1=0A0h-0EFh -ABANK2=0120h-016Fh -ABANK3=01A0h-01EFh \
  -ABANK4=0220h-026Fh -ABANK5=02A0h-02EFh -ABANK6=0320h-036Fh \
  -ABANK7=03A0h-03EFh -ABANK8=0420h-046Fh -ABANK9=04A0h-04EFh \
  -ABANK10=0520h-056Fh -ABANK11=05A0h-05EFh -ABANK12=0620h-064Fh \
  -ABANK13=06A0h-06EFh -ABANK14=0720h-076Fh -ABANK15=07A0h-07EFh \
  -ABANK16=0820h-086Fh -ABANK17=08A0h-08EFh -ABANK18=0920h-096Fh \
  -ABANK19=09A0h-09EFh -ABANK20=0A20h-0A6Fh -ABANK21=0AA0h-0AEFh \
  -ABANK22=0B20h-0B6Fh -ABANK23=0BA0h-0BEFh -ABANK24=0C20h-0C6Fh \
  -ABANK25=0CA0h-0CBFh -ABIGRAM=02000h-023EFh,02410h-027EFh \
  -ARAM=020h-06Fh,0A0h-0EFh,0120h-016Fh,01A0h-01EFh,0220h-026Fh,02A0h-02EFh,0320h-036Fh,03A0h-03EFh,0420h-046Fh,04A0h-04EFh,0520h-056Fh,05A0h-05EFh,0620h-064Fh,06A0h-06EFh,0720h-076Fh,07A0h-07EFh,0820h-086Fh,08A0h-08EFh,0920h-096Fh,09A0h-09EFh,0A20h-0A6Fh,0AA0h-0AEFh,0B20h-0B6Fh,0BA0h-0BEFh,0C20h-0C6Fh,0CA0h-0CBFh \
  -AABS1=020h-07Fh,0A0h-0EFh,0120h-016Fh,01A0h-01EFh,0220h-026Fh,02A0h-02EFh,0320h-036Fh,03A0h-03EFh,0420h-046Fh,04A0h-04EFh,0520h-056Fh,05A0h-05EFh,0620h-064Fh,06A0h-06EFh,0720h-076Fh,07A0h-07EFh,0820h-086Fh,08A0h-08EFh,0920h-096Fh,09A0h-09EFh,0A20h-0A6Fh,0AA0h-0AEFh,0B20h-0B6Fh,0BA0h-0BEFh,0C20h-0C6Fh,0CA0h-0CBFh \
  -ASFR0=00h-01Fh -ASFR1=080h-09Fh -ASFR2=0100h-011Fh -ASFR3=0180h-019Fh \
  -ASFR4=0200h-021Fh -ASFR5=0280h-029Fh -ASFR6=0300h-031Fh \
  -ASFR7=0380h-039Fh -ASFR8=0400h-041Fh -ASFR9=0480h-049Fh \
  -ASFR10=0500h-051Fh -ASFR11=0580h-059Fh -ASFR12=0600h-061Fh \
  -ASFR13=0680h-069Fh -ASFR14=0700h-071Fh -ASFR15=0780h-079Fh \
  -ASFR16=0800h-081Fh -ASFR17=0880h-089Fh -ASFR18=0900h-091Fh \
  -ASFR19=0980h-099Fh -ASFR20=0A00h-0A1Fh -ASFR21=0A80h-0A9Fh \
  -ASFR22=0B00h-0B1Fh -ASFR23=0B80h-0B9Fh -ASFR24=0C00h-0C1Fh \
  -ASFR25=0C80h-0C9Fh -ASFR26=0D00h-0D6Fh -ASFR27=0D80h-0DEFh \
  -ASFR28=0E00h-0E6Fh -ASFR29=0E80h-0EEFh -ASFR30=0F00h-0F6Fh \
  -ASFR31=0F80h-0FEFh -preset_vec=00h,intentry=04h,init,end_init \
  -ppowerup=CODE -pcinit=CODE -pfunctab=ENTRY -ACONFIG=08007h-08008h \
  -pconfig=CONFIG -DCONFIG=2 -AIDLOC=08000h-08003h -pidloc=IDLOC -DIDLOC=2 \
  -DCODE=2 -DSTRCODE=2 -DSTRING=2 -DCONST=2 -DENTRY=2 -k \
  C:\Users\Toshi\AppData\Local\Temp\scd8.o \
  dist/default/production\Brass2Go.X.production.o 

Object code version is 3.11

Machine type is 16F1778



                Name                               Link     Load   Length Selector   Space Scale
C:\Users\Toshi\AppData\Local\Temp\scd8.o
                end_init                             27       27        2        8       0
                reset_vec                             0        0        2        0       0
                config                             8007     8007        2    1000E       0
dist/default/production\Brass2Go.X.production.o
                cinit                                29       29       33        8       0
                intentry                              4        4       23        8       0
                text18                              57C      57C        7      2C2       0
                text17                              512      512       1A      2C2       0
                text16                              55D      55D        9      2C2       0
                text15                              575      575        7      2C2       0
                text14                              47F      47F       2D      2C2       0
                text13                              544      544       10      2C2       0
                text12                              56E      56E        7      2C2       0
                text11                              2AB      2AB       9F      2C2       0
                text10                              34A      34A       8C      2C2       0
                text9                               4F5      4F5       1D      2C2       0
                text8                               52C      52C       18      2C2       0
                text7                               4D1      4D1       24      2C2       0
                text6                               566      566        8      2C2       0
                text5                               4AC      4AC       25      2C2       0
                text4                               554      554        9      2C2       0
                text3                               43C      43C       43      2C2       0
                text2                               161      161       A8      2C2       0
                text1                               3D6      3D6       66      2C2       0
                maintext                            209      209       A2      2C2       0
                cstackBANK0                          20       20       41       20       1
                cstackCOMMON                         70       70        A       70       1
                cstackBANK1                          D3       D3        4       A0       1
                clrtext                             589      589        6      2C2       0
                inittext                            583      583        6      2C2       0
                dataBANK1                            CE       CE        5       A0       1
                bssBANK1                             A0       A0       2E       A0       1
                dataBANK0                            6B       6B        4       20       1
                bssBANK0                             61       61        A       20       1
                dataCOMMON                           7A       7A        2       70       1
                stringtext4                         59E      59E        5      B28       0
                stringtext3                         599      599        5      B28       0
                stringtext2                         594      594        5      B28       0
                stringtext1                          5C       5C      105       B8       0
                idataBANK1                          58F      58F        5      2C2       0
                idataBANK0                          5A3      5A3        4      B46       0
                idataCOMMON                         5A7      5A7        2      B46       0

TOTAL           Name                               Link     Load   Length     Space
        CLASS   STACK          

        CLASS   CODE           
                end_init                             27       27        2         0
                cinit                                29       29       33         0
                intentry                              4        4       23         0
                reset_vec                             0        0        2         0
                text18                              57C      57C        7         0
                text17                              512      512       1A         0
                text16                              55D      55D        9         0
                text15                              575      575        7         0
                text14                              47F      47F       2D         0
                text13                              544      544       10         0
                text12                              56E      56E        7         0
                text11                              2AB      2AB       9F         0
                text10                              34A      34A       8C         0
                text9                               4F5      4F5       1D         0
                text8                               52C      52C       18         0
                text7                               4D1      4D1       24         0
                text6                               566      566        8         0
                text5                               4AC      4AC       25         0
                text4                               554      554        9         0
                text3                               43C      43C       43         0
                text2                               161      161       A8         0
                text1                               3D6      3D6       66         0
                maintext                            209      209       A2         0
                clrtext                             589      589        6         0
                inittext                            583      583        6         0
                idataBANK1                          58F      58F        5         0
                idataBANK0                          5A3      5A3        4         0
                idataCOMMON                         5A7      5A7        2         0

        CLASS   STRCODE        
                stringtext4                         59E      59E        5         0
                stringtext3                         599      599        5         0
                stringtext2                         594      594        5         0
                stringtext1                          5C       5C      105         0

        CLASS   STRING         

        CLASS   CONST          

        CLASS   ENTRY          

        CLASS   COMMON         
                cstackCOMMON                         70       70        A         1
                dataCOMMON                           7A       7A        2         1

        CLASS   BANK0          
                cstackBANK0                          20       20       41         1
                dataBANK0                            6B       6B        4         1
                bssBANK0                             61       61        A         1

        CLASS   BANK1          
                cstackBANK1                          D3       D3        4         1
                dataBANK1                            CE       CE        5         1
                bssBANK1                             A0       A0       2E         1

        CLASS   BANK2          

        CLASS   BANK3          

        CLASS   BANK4          

        CLASS   BANK5          

        CLASS   BANK6          

        CLASS   BANK7          

        CLASS   BANK8          

        CLASS   BANK9          

        CLASS   BANK10         

        CLASS   BANK11         

        CLASS   BANK12         

        CLASS   BANK13         

        CLASS   BANK14         

        CLASS   BANK15         

        CLASS   BANK16         

        CLASS   BANK17         

        CLASS   BANK18         

        CLASS   BANK19         

        CLASS   BANK20         

        CLASS   BANK21         

        CLASS   BANK22         

        CLASS   BANK23         

        CLASS   BANK24         

        CLASS   BANK25         

        CLASS   BIGRAM         

        CLASS   RAM            

        CLASS   ABS1           
                abs_s1                               7E       7E        2         1

        CLASS   SFR0           

        CLASS   SFR1           

        CLASS   SFR2           

        CLASS   SFR3           

        CLASS   SFR4           

        CLASS   SFR5           

        CLASS   SFR6           

        CLASS   SFR7           

        CLASS   SFR8           

        CLASS   SFR9           

        CLASS   SFR10          

        CLASS   SFR11          

        CLASS   SFR12          

        CLASS   SFR13          

        CLASS   SFR14          

        CLASS   SFR15          

        CLASS   SFR16          

        CLASS   SFR17          

        CLASS   SFR18          

        CLASS   SFR19          

        CLASS   SFR20          

        CLASS   SFR21          

        CLASS   SFR22          

        CLASS   SFR23          

        CLASS   SFR24          

        CLASS   SFR25          

        CLASS   SFR26          

        CLASS   SFR27          

        CLASS   SFR28          

        CLASS   SFR29          

        CLASS   SFR30          

        CLASS   SFR31          

        CLASS   CONFIG         
                config                             8007     8007        2         0

        CLASS   IDLOC          

        CLASS   BANK31         

        CLASS   BANK30         

        CLASS   BANK29         

        CLASS   BANK28         

        CLASS   BANK27         

        CLASS   BANK26         

        CLASS   EEDATA         



SEGMENTS        Name                           Load    Length   Top    Selector   Space  Class     Delta

                reset_vec                      000000  000002  000002         0       0  CODE        2
                intentry                       000004  000058  00005C         8       0  CODE        2
                cstackBANK0                    000020  00004F  00006F        20       1  BANK0       1
                cstackCOMMON                   000070  00000C  00007C        70       1  COMMON      1
                bssBANK1                       0000A0  000037  0000D7        A0       1  BANK1       1
                stringtext1                    00005C  000105  000161        B8       0  STRCODE     2
                text2                          000161  000433  000594       2C2       0  CODE        2
                stringtext2                    000594  00000F  0005A3       B28       0  STRCODE     2
                idataBANK0                     0005A3  000006  0005A9       B46       0  CODE        2
                config                         008007  000002  008009     1000E       0  CONFIG      2


UNUSED ADDRESS RANGES

        Name                Unused          Largest block    Delta
        BANK0            0006F-0006F               1           1
        BANK1            000D7-000EF              19           1
        BANK10           00520-0056F              50           1
        BANK11           005A0-005EF              50           1
        BANK12           00620-0064F              30           1
        BANK13           006A0-006EF              50           1
        BANK14           00720-0076F              50           1
        BANK15           007A0-007EF              50           1
        BANK16           00820-0086F              50           1
        BANK17           008A0-008EF              50           1
        BANK18           00920-0096F              50           1
        BANK19           009A0-009EF              50           1
        BANK2            00120-0016F              50           1
        BANK20           00A20-00A6F              50           1
        BANK21           00AA0-00AEF              50           1
        BANK22           00B20-00B6F              50           1
        BANK23           00BA0-00BEF              50           1
        BANK24           00C20-00C6F              50           1
        BANK25           00CA0-00CBF              20           1
        BANK3            001A0-001EF              50           1
        BANK4            00220-0026F              50           1
        BANK5            002A0-002EF              50           1
        BANK6            00320-0036F              50           1
        BANK7            003A0-003EF              50           1
        BANK8            00420-0046F              50           1
        BANK9            004A0-004EF              50           1
        BIGRAM           02000-023EF             3F0           1
                         02410-027EF             3E0
        CODE             00002-00003               2           2
                         005A9-03FFF             800
        COMMON           0007C-0007D               2           1
        CONST            00002-00003               2           2
                         005A9-03FFF             100
        ENTRY            00002-00003               2           2
                         005A9-03FFF             100
        IDLOC            08000-08003               4           2
        RAM              0006F-0006F               1           1
                         000D7-000EF              19
                         00120-0016F              50
                         001A0-001EF              50
                         00220-0026F              50
                         002A0-002EF              50
                         00320-0036F              50
                         003A0-003EF              50
                         00420-0046F              50
                         004A0-004EF              50
                         00520-0056F              50
                         005A0-005EF              50
                         00620-0064F              30
                         006A0-006EF              50
                         00720-0076F              50
                         007A0-007EF              50
                         00820-0086F              50
                         008A0-008EF              50
                         00920-0096F              50
                         009A0-009EF              50
                         00A20-00A6F              50
                         00AA0-00AEF              50
                         00B20-00B6F              50
                         00BA0-00BEF              50
                         00C20-00C6F              50
                         00CA0-00CBF              20
        SFR0             00000-0001F              20           1
        SFR1             00080-0009F              20           1
        SFR10            00500-0051F              20           1
        SFR11            00580-0059F              20           1
        SFR12            00600-0061F              20           1
        SFR13            00680-0069F              20           1
        SFR14            00700-0071F              20           1
        SFR15            00780-0079F              20           1
        SFR16            00800-0081F              20           1
        SFR17            00880-0089F              20           1
        SFR18            00900-0091F              20           1
        SFR19            00980-0099F              20           1
        SFR2             00100-0011F              20           1
        SFR20            00A00-00A1F              20           1
        SFR21            00A80-00A9F              20           1
        SFR22            00B00-00B1F              20           1
        SFR23            00B80-00B9F              20           1
        SFR24            00C00-00C1F              20           1
        SFR25            00C80-00C9F              20           1
        SFR26            00D00-00D6F              70           1
        SFR27            00D80-00DEF              70           1
        SFR28            00E00-00E6F              70           1
        SFR29            00E80-00EEF              70           1
        SFR3             00180-0019F              20           1
        SFR30            00F00-00F6F              70           1
        SFR31            00F80-00FEF              70           1
        SFR4             00200-0021F              20           1
        SFR5             00280-0029F              20           1
        SFR6             00300-0031F              20           1
        SFR7             00380-0039F              20           1
        SFR8             00400-0041F              20           1
        SFR9             00480-0049F              20           1
        STACK            02410-027EF             3E0           1
        STRCODE          00002-00003               2           2
                         005A9-03FFF            3A57
        STRING           00002-00003               2           2
                         005A9-03FFF             100

                                  Symbol Table

SD_Check40bitResponse@Byte0      cstackCOMMON 00075
SD_Check40bitResponse@Byte1      cstackCOMMON 00074
SD_Check40bitResponse@Byte2      cstackCOMMON 00073
SD_Check40bitResponse@Byte3      cstackCOMMON 00072
SD_Check40bitResponse@Byte4      cstackCOMMON 00076
SD_Check40bitResponse@match      cstackCOMMON 00077
SD_Check8bitResponse@Byte        cstackCOMMON 00072
SD_Check8bitResponse@match       cstackCOMMON 00073
SD_OpenStream@a                  cstackBANK0  0002B
SD_OpenStream@address            cstackBANK0  00023
SD_Read40bitResponse@readMessage cstackCOMMON 00073
SD_Read8bitResponse@readMessage  cstackCOMMON 00073
SD_SendCommand@ARG0              cstackCOMMON 00076
SD_SendCommand@ARG1              cstackCOMMON 00075
SD_SendCommand@ARG2              cstackCOMMON 00074
SD_SendCommand@ARG3              cstackCOMMON 00073
SD_SendCommand@ByteToSend        cstackBANK0  00021
SD_SendCommand@CMD_6bit          cstackBANK0  00020
SD_SendCommand@Checksum          cstackBANK0  00022
SPI_Write@Data_8bit              cstackCOMMON 00072
_ANSB1                           (abs)        00C69
_ANSC3                           (abs)        00C73
_CRCTable                        stringtext1  0005C
_DAC1CON0                        (abs)        0058E
_DAC1LD                          (abs)        02C68
_DAC1REFH                        (abs)        00590
_DAC1REFL                        (abs)        0058F
_DAC_Init                        text18       0057C
_GLBL_Resp40                     dataBANK1    000CE
_GLBL_Resp8                      dataCOMMON   0007B
_INTCONbits                      (abs)        0000B
_OSCCON                          (abs)        0009B
_OSCSTATbits                     (abs)        0009C
_PIE1bits                        (abs)        00091
_PIR1bits                        (abs)        00011
_PORTCbits                       (abs)        0000E
_RC2PPS                          (abs)        00EA2
_RC4PPS                          (abs)        00EA4
_SD_Check40bitResponse           text17       00512
_SD_Check8bitResponse            text16       0055D
_SD_CloseBlock                   text4        00554
_SD_Init                         text10       0034A
_SD_OpenStream                   text7        004D1
_SD_Read40bitResponse            text14       0047F
_SD_Read8bitResponse             text13       00544
_SD_SendCommand                  text11       002AB
_SPI_Init                        text9        004F5
_SPI_Read                        text15       00575
_SPI_Write                       text12       0056E
_SSP1ADD                         (abs)        00212
_SSP1BUF                         (abs)        00211
_SSP1CON1                        (abs)        00215
_SSP1CON1bits                    (abs)        00215
_SSP1STAT                        (abs)        00214
_SSP1STATbits                    (abs)        00214
_SSPCLKPPS                       (abs)        00E3A
_SSPDATPPS                       (abs)        00E3B
_T2CLKCON                        (abs)        00497
_T2CON                           (abs)        00495
_T2PR                            (abs)        00494
_TRISA                           (abs)        0008C
_TRISB0                          (abs)        00468
_TRISB1                          (abs)        00469
_TRISC0                          (abs)        00470
_TRISC1                          (abs)        00471
_TRISC2                          (abs)        00472
_TRISC3                          (abs)        00473
_TRISC4                          (abs)        00474
_TRISC6                          (abs)        00476
_TRISC7                          (abs)        00477
__CFG_FOSC$INTOSC                (abs)        00000
__CFG_PLLEN$ON                   (abs)        00000
__CFG_WDTE$OFF                   (abs)        00000
__Habs1                          abs1         00000
__Hbank0                         bank0        00000
__Hbank1                         bank1        00000
__Hbank10                        bank10       00000
__Hbank11                        bank11       00000
__Hbank12                        bank12       00000
__Hbank13                        bank13       00000
__Hbank14                        bank14       00000
__Hbank15                        bank15       00000
__Hbank16                        bank16       00000
__Hbank17                        bank17       00000
__Hbank18                        bank18       00000
__Hbank19                        bank19       00000
__Hbank2                         bank2        00000
__Hbank20                        bank20       00000
__Hbank21                        bank21       00000
__Hbank22                        bank22       00000
__Hbank23                        bank23       00000
__Hbank24                        bank24       00000
__Hbank25                        bank25       00000
__Hbank26                        bank26       00000
__Hbank27                        bank27       00000
__Hbank28                        bank28       00000
__Hbank29                        bank29       00000
__Hbank3                         bank3        00000
__Hbank30                        bank30       00000
__Hbank31                        bank31       00000
__Hbank4                         bank4        00000
__Hbank5                         bank5        00000
__Hbank6                         bank6        00000
__Hbank7                         bank7        00000
__Hbank8                         bank8        00000
__Hbank9                         bank9        00000
__Hbigram                        bigram       00000
__HbssBANK0                      bssBANK0     00000
__HbssBANK1                      bssBANK1     00000
__Hcinit                         cinit        0005C
__Hclrtext                       clrtext      00000
__Hcode                          code         00000
__Hcommon                        common       00000
__Hconfig                        config       08009
__HcstackBANK0                   cstackBANK0  00000
__HcstackBANK1                   cstackBANK1  00000
__HcstackCOMMON                  cstackCOMMON 00000
__HdataBANK0                     dataBANK0    00000
__HdataBANK1                     dataBANK1    00000
__HdataCOMMON                    dataCOMMON   00000
__Heeprom_data                   eeprom_data  00000
__Hend_init                      end_init     00029
__Hfunctab                       functab      00000
__HidataBANK0                    idataBANK0   00000
__HidataBANK1                    idataBANK1   00000
__HidataCOMMON                   idataCOMMON  00000
__Hidloc                         idloc        00000
__Hinit                          init         00027
__Hinittext                      inittext     00000
__Hintentry                      intentry     00027
__Hmaintext                      maintext     00000
__Hpowerup                       powerup      00000
__Hram                           ram          00000
__Hreset_vec                     reset_vec    00002
__Hsfr0                          sfr0         00000
__Hsfr1                          sfr1         00000
__Hsfr10                         sfr10        00000
__Hsfr11                         sfr11        00000
__Hsfr12                         sfr12        00000
__Hsfr13                         sfr13        00000
__Hsfr14                         sfr14        00000
__Hsfr15                         sfr15        00000
__Hsfr16                         sfr16        00000
__Hsfr17                         sfr17        00000
__Hsfr18                         sfr18        00000
__Hsfr19                         sfr19        00000
__Hsfr2                          sfr2         00000
__Hsfr20                         sfr20        00000
__Hsfr21                         sfr21        00000
__Hsfr22                         sfr22        00000
__Hsfr23                         sfr23        00000
__Hsfr24                         sfr24        00000
__Hsfr25                         sfr25        00000
__Hsfr26                         sfr26        00000
__Hsfr27                         sfr27        00000
__Hsfr28                         sfr28        00000
__Hsfr29                         sfr29        00000
__Hsfr3                          sfr3         00000
__Hsfr30                         sfr30        00000
__Hsfr31                         sfr31        00000
__Hsfr4                          sfr4         00000
__Hsfr5                          sfr5         00000
__Hsfr6                          sfr6         00000
__Hsfr7                          sfr7         00000
__Hsfr8                          sfr8         00000
__Hsfr9                          sfr9         00000
__Hspace_0                       (abs)        08009
__Hspace_1                       (abs)        000D7
__Hspace_2                       (abs)        00000
__Hspace_3                       (abs)        00000
__Hstack                         stack        00000
__Hstrings                       strings      00000
__Hstringtext1                   stringtext1  00000
__Hstringtext2                   stringtext2  00000
__Hstringtext3                   stringtext3  00000
__Hstringtext4                   stringtext4  00000
__Hstringtext5                   stringtext5  00000
__Htext                          text         00000
__Labs1                          abs1         00000
__Lbank0                         bank0        00000
__Lbank1                         bank1        00000
__Lbank10                        bank10       00000
__Lbank11                        bank11       00000
__Lbank12                        bank12       00000
__Lbank13                        bank13       00000
__Lbank14                        bank14       00000
__Lbank15                        bank15       00000
__Lbank16                        bank16       00000
__Lbank17                        bank17       00000
__Lbank18                        bank18       00000
__Lbank19                        bank19       00000
__Lbank2                         bank2        00000
__Lbank20                        bank20       00000
__Lbank21                        bank21       00000
__Lbank22                        bank22       00000
__Lbank23                        bank23       00000
__Lbank24                        bank24       00000
__Lbank25                        bank25       00000
__Lbank26                        bank26       00000
__Lbank27                        bank27       00000
__Lbank28                        bank28       00000
__Lbank29                        bank29       00000
__Lbank3                         bank3        00000
__Lbank30                        bank30       00000
__Lbank31                        bank31       00000
__Lbank4                         bank4        00000
__Lbank5                         bank5        00000
__Lbank6                         bank6        00000
__Lbank7                         bank7        00000
__Lbank8                         bank8        00000
__Lbank9                         bank9        00000
__Lbigram                        bigram       00000
__LbssBANK0                      bssBANK0     00000
__LbssBANK1                      bssBANK1     00000
__Lcinit                         cinit        00029
__Lclrtext                       clrtext      00000
__Lcode                          code         00000
__Lcommon                        common       00000
__Lconfig                        config       08007
__LcstackBANK0                   cstackBANK0  00000
__LcstackBANK1                   cstackBANK1  00000
__LcstackCOMMON                  cstackCOMMON 00000
__LdataBANK0                     dataBANK0    00000
__LdataBANK1                     dataBANK1    00000
__LdataCOMMON                    dataCOMMON   00000
__Leeprom_data                   eeprom_data  00000
__Lend_init                      end_init     00027
__Lfunctab                       functab      00000
__LidataBANK0                    idataBANK0   00000
__LidataBANK1                    idataBANK1   00000
__LidataCOMMON                   idataCOMMON  00000
__Lidloc                         idloc        00000
__Linit                          init         00027
__Linittext                      inittext     00000
__Lintentry                      intentry     00004
__Lmaintext                      maintext     00000
__Lpowerup                       powerup      00000
__Lram                           ram          00000
__Lreset_vec                     reset_vec    00000
__Lsfr0                          sfr0         00000
__Lsfr1                          sfr1         00000
__Lsfr10                         sfr10        00000
__Lsfr11                         sfr11        00000
__Lsfr12                         sfr12        00000
__Lsfr13                         sfr13        00000
__Lsfr14                         sfr14        00000
__Lsfr15                         sfr15        00000
__Lsfr16                         sfr16        00000
__Lsfr17                         sfr17        00000
__Lsfr18                         sfr18        00000
__Lsfr19                         sfr19        00000
__Lsfr2                          sfr2         00000
__Lsfr20                         sfr20        00000
__Lsfr21                         sfr21        00000
__Lsfr22                         sfr22        00000
__Lsfr23                         sfr23        00000
__Lsfr24                         sfr24        00000
__Lsfr25                         sfr25        00000
__Lsfr26                         sfr26        00000
__Lsfr27                         sfr27        00000
__Lsfr28                         sfr28        00000
__Lsfr29                         sfr29        00000
__Lsfr3                          sfr3         00000
__Lsfr30                         sfr30        00000
__Lsfr31                         sfr31        00000
__Lsfr4                          sfr4         00000
__Lsfr5                          sfr5         00000
__Lsfr6                          sfr6         00000
__Lsfr7                          sfr7         00000
__Lsfr8                          sfr8         00000
__Lsfr9                          sfr9         00000
__Lspace_0                       (abs)        00000
__Lspace_1                       (abs)        00000
__Lspace_2                       (abs)        00000
__Lspace_3                       (abs)        00000
__Lstack                         stack        00000
__Lstrings                       strings      00000
__Lstringtext1                   stringtext1  00000
__Lstringtext2                   stringtext2  00000
__Lstringtext3                   stringtext3  00000
__Lstringtext4                   stringtext4  00000
__Lstringtext5                   stringtext5  00000
__Ltext                          text         00000
__S0                             (abs)        08009
__S1                             (abs)        000D7
__S2                             (abs)        00000
___int_sp                        stack        00000
___latbits                       (abs)        00003
___sp                            stack        00000
___stackhi                       (abs)        027EF
___stacklo                       (abs)        02410
__end_of_CRCTable                stringtext1  0015C
__end_of_DAC_Init                text18       00583
__end_of_SD_Check40bitResponse   text17       0052C
__end_of_SD_Check8bitResponse    text16       00566
__end_of_SD_CloseBlock           text4        0055D
__end_of_SD_Init                 text10       003D6
__end_of_SD_OpenStream           text7        004F5
__end_of_SD_Read40bitResponse    text14       004AC
__end_of_SD_Read8bitResponse     text13       00554
__end_of_SD_SendCommand          text11       0034A
__end_of_SPI_Init                text9        00512
__end_of_SPI_Read                text15       0057C
__end_of_SPI_Write               text12       00575
__end_of__initialization         cinit        00058
__end_of_error                   text6        0056E
__end_of_fourCCeq                text5        004D1
__end_of_init                    text8        00544
__end_of_isr                     intentry     00027
__end_of_main                    maintext     002AB
__end_of_openFile                text2        00209
__end_of_readBytes               text3        0047F
__end_of_timer_Init              text1        0043C
__initialization                 cinit        00029
__pbssBANK0                      bssBANK0     00061
__pbssBANK1                      bssBANK1     000A0
__pcstackBANK0                   cstackBANK0  00020
__pcstackBANK1                   cstackBANK1  000D3
__pcstackCOMMON                  cstackCOMMON 00070
__pdataBANK0                     dataBANK0    0006B
__pdataBANK1                     dataBANK1    000CE
__pdataCOMMON                    dataCOMMON   0007A
__pidataBANK0                    idataBANK0   005A3
__pidataBANK1                    idataBANK1   0058F
__pidataCOMMON                   idataCOMMON  005A7
__pintentry                      intentry     00004
__pmaintext                      maintext     00209
__pstringtext1                   stringtext1  0005C
__pstringtext2                   stringtext2  00594
__pstringtext3                   stringtext3  00599
__pstringtext4                   stringtext4  0059E
__pstringtext5                   stringtext5  00000
__ptext1                         text1        003D6
__ptext10                        text10       0034A
__ptext11                        text11       002AB
__ptext12                        text12       0056E
__ptext13                        text13       00544
__ptext14                        text14       0047F
__ptext15                        text15       00575
__ptext16                        text16       0055D
__ptext17                        text17       00512
__ptext18                        text18       0057C
__ptext2                         text2        00161
__ptext3                         text3        0043C
__ptext4                         text4        00554
__ptext5                         text5        004AC
__ptext6                         text6        00566
__ptext7                         text7        004D1
__ptext8                         text8        0052C
__ptext9                         text9        004F5
__size_of_DAC_Init               (abs)        00000
__size_of_SD_Check40bitResponse  (abs)        00000
__size_of_SD_Check8bitResponse   (abs)        00000
__size_of_SD_CloseBlock          (abs)        00000
__size_of_SD_Init                (abs)        00000
__size_of_SD_OpenStream          (abs)        00000
__size_of_SD_Read40bitResponse   (abs)        00000
__size_of_SD_Read8bitResponse    (abs)        00000
__size_of_SD_SendCommand         (abs)        00000
__size_of_SPI_Init               (abs)        00000
__size_of_SPI_Read               (abs)        00000
__size_of_SPI_Write              (abs)        00000
__size_of_error                  (abs)        00000
__size_of_fourCCeq               (abs)        00000
__size_of_init                   (abs)        00000
__size_of_isr                    (abs)        00000
__size_of_main                   (abs)        00000
__size_of_openFile               (abs)        00000
__size_of_readBytes              (abs)        00000
__size_of_timer_Init             (abs)        00000
_address                         bssBANK1     000C0
_blockIndex                      bssBANK0     00061
_buffer                          bssBANK1     000A0
_buffer_read_index               bssBANK0     00063
_buffer_write_index              dataBANK0    0006B
_channels                        bssBANK0     00067
_error                           text6        00566
_filesize                        bssBANK1     000C4
_fourCCeq                        text5        004AC
_global_error                    bssBANK0     0006A
_init                            text8        0052C
_isr                             intentry     00004
_main                            maintext     00209
_openFile                        text2        00161
_readBytes                       text3        0043C
_sampRate                        bssBANK1     000C8
_samplePending                   bssBANK0     00069
_sdata                           bssBANK0     00065
_state                           dataCOMMON   0007A
_timer_Init                      text1        003D6
btemp                            (abs)        0007E
clear_ram0                       clrtext      00589
end_of_initialization            cinit        00058
error@e                          cstackCOMMON 00073
fourCCeq@a                       cstackCOMMON 00078
fourCCeq@b                       cstackCOMMON 00072
fourCCeq@i                       cstackCOMMON 00079
init_ram                         inittext     00583
int$flags                        (abs)        0007E
intlevel0                        functab      00000
intlevel1                        functab      00000
intlevel2                        functab      00000
intlevel3                        functab      00000
intlevel4                        functab      00000
intlevel5                        functab      00000
isr@level                        cstackCOMMON 00070
openFile@a                       cstackBANK0  0002F
openFile@data                    cstackBANK0  0003D
openFile@fmt                     cstackBANK0  00045
openFile@response                cstackBANK0  0003C
openFile@riff                    cstackBANK0  00034
readBytes@dest                   cstackCOMMON 00076
readBytes@i                      cstackCOMMON 00077
readBytes@len                    cstackCOMMON 00072
reset_vec                        reset_vec    00000
start                            init         00027
start_initialization             cinit        00029
timer_Init@rate                  cstackCOMMON 00072
wtemp0                           (abs)        0007E


FUNCTION INFORMATION:

 *************** function _main *****************
 Defined at:
		line 137 in file "main.c"
 Parameters:    Size  Location     Type
		None
 Auto vars:     Size  Location     Type
		None
 Return value:  Size  Location     Type
                  1    wreg      void 
 Registers used:
		wreg, fsr0l, fsr0h, fsr1l, fsr1h, status,2, status,0, pclath, cstack
 Tracked objects:
		On entry : 
		On exit  : 
		Unchanged: 
 Data sizes:     COMMON   BANK0   BANK1   BANK2   BANK3   BANK4   BANK5   BANK6   BANK7   BANK8   BANK9  BANK10  BANK11  BANK12  BANK13  BANK14  BANK15  BANK16  BANK17  BANK18  BANK19  BANK20  BANK21  BANK22  BANK23  BANK24  BANK25
      Params:         0       0       0       0       0       0       0       0       0       0       0       0       0       0       0       0       0       0       0       0       0       0       0       0       0       0       0
      Locals:         0       0       0       0       0       0       0       0       0       0       0       0       0       0       0       0       0       0       0       0       0       0       0       0       0       0       0
      Temps:          0       0       4       0       0       0       0       0       0       0       0       0       0       0       0       0       0       0       0       0       0       0       0       0       0       0       0
      Totals:         0       0       4       0       0       0       0       0       0       0       0       0       0       0       0       0       0       0       0       0       0       0       0       0       0       0       0
Total ram usage:        4 bytes
 Hardware stack levels required when called:    5
 This function calls:
		_SPI_Read
		_init
		_openFile
		_timer_Init
 This function is called by:
		Startup code after reset
 This function uses a non-reentrant model


 *************** function _timer_Init *****************
 Defined at:
		line 8 in file "timer.c"
 Parameters:    Size  Location     Type
  rate            4    2[COMMON] long 
 Auto vars:     Size  Location     Type
		None
 Return value:  Size  Location     Type
                  2    2[COMMON] int 
 Registers used:
		wreg, fsr0l, fsr0h, status,2, status,0
 Tracked objects:
		On entry : 
		On exit  : 
		Unchanged: 
 Data sizes:     COMMON   BANK0   BANK1   BANK2   BANK3   BANK4   BANK5   BANK6   BANK7   BANK8   BANK9  BANK10  BANK11  BANK12  BANK13  BANK14  BANK15  BANK16  BANK17  BANK18  BANK19  BANK20  BANK21  BANK22  BANK23  BANK24  BANK25
      Params:         4       0       0       0       0       0       0       0       0       0       0       0       0       0       0       0       0       0       0       0       0       0       0       0       0       0       0
      Locals:         0       0       0       0       0       0       0       0       0       0       0       0       0       0       0       0       0       0       0       0       0       0       0       0       0       0       0
      Temps:          0       0       0       0       0       0       0       0       0       0       0       0       0       0       0       0       0       0       0       0       0       0       0       0       0       0       0
      Totals:         4       0       0       0       0       0       0       0       0       0       0       0       0       0       0       0       0       0       0       0       0       0       0       0       0       0       0
Total ram usage:        4 bytes
 Hardware stack levels used:    1
 Hardware stack levels required when called:    1
 This function calls:
		Nothing
 This function is called by:
		_main
 This function uses a non-reentrant model


 *************** function _openFile *****************
 Defined at:
		line 69 in file "main.c"
 Parameters:    Size  Location     Type
  a               4   15[BANK0 ] long 
 Auto vars:     Size  Location     Type
  data            8   29[BANK0 ] struct .
  fmt            28   37[BANK0 ] struct .
  riff            8   20[BANK0 ] struct .
  response        1   28[BANK0 ] unsigned char 
 Return value:  Size  Location     Type
                  1    wreg      void 
 Registers used:
		wreg, fsr0l, fsr0h, fsr1l, fsr1h, status,2, status,0, pclath, cstack
 Tracked objects:
		On entry : 
		On exit  : 
		Unchanged: 
 Data sizes:     COMMON   BANK0   BANK1   BANK2   BANK3   BANK4   BANK5   BANK6   BANK7   BANK8   BANK9  BANK10  BANK11  BANK12  BANK13  BANK14  BANK15  BANK16  BANK17  BANK18  BANK19  BANK20  BANK21  BANK22  BANK23  BANK24  BANK25
      Params:         0       4       0       0       0       0       0       0       0       0       0       0       0       0       0       0       0       0       0       0       0       0       0       0       0       0       0
      Locals:         0      45       0       0       0       0       0       0       0       0       0       0       0       0       0       0       0       0       0       0       0       0       0       0       0       0       0
      Temps:          0       1       0       0       0       0       0       0       0       0       0       0       0       0       0       0       0       0       0       0       0       0       0       0       0       0       0
      Totals:         0      50       0       0       0       0       0       0       0       0       0       0       0       0       0       0       0       0       0       0       0       0       0       0       0       0       0
Total ram usage:       50 bytes
 Hardware stack levels used:    1
 Hardware stack levels required when called:    4
 This function calls:
		_SD_OpenStream
		_SPI_Read
		_error
		_fourCCeq
		_readBytes
 This function is called by:
		_main
 This function uses a non-reentrant model


 *************** function _readBytes *****************
 Defined at:
		line 55 in file "main.c"
 Parameters:    Size  Location     Type
  dest            1    wreg     PTR unsigned char 
		 -> openFile@data(8), openFile@fmt(28), openFile@riff(8), 
  len             2    2[COMMON] int 
 Auto vars:     Size  Location     Type
  dest            1    6[COMMON] PTR unsigned char 
		 -> openFile@data(8), openFile@fmt(28), openFile@riff(8), 
  i               2    7[COMMON] int 
 Return value:  Size  Location     Type
                  1    wreg      void 
 Registers used:
		wreg, fsr1l, fsr1h, status,2, status,0, pclath, cstack
 Tracked objects:
		On entry : 
		On exit  : 
		Unchanged: 
 Data sizes:     COMMON   BANK0   BANK1   BANK2   BANK3   BANK4   BANK5   BANK6   BANK7   BANK8   BANK9  BANK10  BANK11  BANK12  BANK13  BANK14  BANK15  BANK16  BANK17  BANK18  BANK19  BANK20  BANK21  BANK22  BANK23  BANK24  BANK25
      Params:         2       0       0       0       0       0       0       0       0       0       0       0       0       0       0       0       0       0       0       0       0       0       0       0       0       0       0
      Locals:         3       0       0       0       0       0       0       0       0       0       0       0       0       0       0       0       0       0       0       0       0       0       0       0       0       0       0
      Temps:          2       0       0       0       0       0       0       0       0       0       0       0       0       0       0       0       0       0       0       0       0       0       0       0       0       0       0
      Totals:         7       0       0       0       0       0       0       0       0       0       0       0       0       0       0       0       0       0       0       0       0       0       0       0       0       0       0
Total ram usage:        7 bytes
 Hardware stack levels used:    1
 Hardware stack levels required when called:    3
 This function calls:
		_SD_CloseBlock
		_SPI_Read
 This function is called by:
		_openFile
 This function uses a non-reentrant model


 *************** function _SD_CloseBlock *****************
 Defined at:
		line 275 in file "SD.c"
 Parameters:    Size  Location     Type
		None
 Auto vars:     Size  Location     Type
		None
 Return value:  Size  Location     Type
                  1    wreg      _Bool 
 Registers used:
		wreg, status,2, status,0, pclath, cstack
 Tracked objects:
		On entry : 
		On exit  : 
		Unchanged: 
 Data sizes:     COMMON   BANK0   BANK1   BANK2   BANK3   BANK4   BANK5   BANK6   BANK7   BANK8   BANK9  BANK10  BANK11  BANK12  BANK13  BANK14  BANK15  BANK16  BANK17  BANK18  BANK19  BANK20  BANK21  BANK22  BANK23  BANK24  BANK25
      Params:         0       0       0       0       0       0       0       0       0       0       0       0       0       0       0       0       0       0       0       0       0       0       0       0       0       0       0
      Locals:         0       0       0       0       0       0       0       0       0       0       0       0       0       0       0       0       0       0       0       0       0       0       0       0       0       0       0
      Temps:          0       0       0       0       0       0       0       0       0       0       0       0       0       0       0       0       0       0       0       0       0       0       0       0       0       0       0
      Totals:         0       0       0       0       0       0       0       0       0       0       0       0       0       0       0       0       0       0       0       0       0       0       0       0       0       0       0
Total ram usage:        0 bytes
 Hardware stack levels used:    1
 Hardware stack levels required when called:    2
 This function calls:
		_SPI_Read
 This function is called by:
		_readBytes
 This function uses a non-reentrant model


 *************** function _fourCCeq *****************
 Defined at:
		line 48 in file "main.c"
 Parameters:    Size  Location     Type
  a               1    wreg     PTR unsigned char 
		 -> openFile@data(8), fmt.fmtHeader(8), openFile@fmt(28), openFile@riff(8), 
  b               2    2[COMMON] PTR unsigned char 
		 -> STR_8(5), STR_6(5), STR_4(5), STR_2(5), 
 Auto vars:     Size  Location     Type
  a               1    8[COMMON] PTR unsigned char 
		 -> openFile@data(8), fmt.fmtHeader(8), openFile@fmt(28), openFile@riff(8), 
  i               1    9[COMMON] unsigned char 
 Return value:  Size  Location     Type
                  1    wreg      _Bool 
 Registers used:
		wreg, fsr0l, fsr0h, fsr1l, fsr1h, status,2, status,0, pclath
 Tracked objects:
		On entry : 
		On exit  : 
		Unchanged: 
 Data sizes:     COMMON   BANK0   BANK1   BANK2   BANK3   BANK4   BANK5   BANK6   BANK7   BANK8   BANK9  BANK10  BANK11  BANK12  BANK13  BANK14  BANK15  BANK16  BANK17  BANK18  BANK19  BANK20  BANK21  BANK22  BANK23  BANK24  BANK25
      Params:         2       0       0       0       0       0       0       0       0       0       0       0       0       0       0       0       0       0       0       0       0       0       0       0       0       0       0
      Locals:         2       0       0       0       0       0       0       0       0       0       0       0       0       0       0       0       0       0       0       0       0       0       0       0       0       0       0
      Temps:          4       0       0       0       0       0       0       0       0       0       0       0       0       0       0       0       0       0       0       0       0       0       0       0       0       0       0
      Totals:         8       0       0       0       0       0       0       0       0       0       0       0       0       0       0       0       0       0       0       0       0       0       0       0       0       0       0
Total ram usage:        8 bytes
 Hardware stack levels used:    1
 Hardware stack levels required when called:    1
 This function calls:
		Nothing
 This function is called by:
		_openFile
 This function uses a non-reentrant model


 *************** function _error *****************
 Defined at:
		line 17 in file "./error.h"
 Parameters:    Size  Location     Type
  e               1    wreg     enum E12103
 Auto vars:     Size  Location     Type
  e               1    3[COMMON] enum E12103
 Return value:  Size  Location     Type
                  1    wreg      void 
 Registers used:
		wreg
 Tracked objects:
		On entry : 
		On exit  : 
		Unchanged: 
 Data sizes:     COMMON   BANK0   BANK1   BANK2   BANK3   BANK4   BANK5   BANK6   BANK7   BANK8   BANK9  BANK10  BANK11  BANK12  BANK13  BANK14  BANK15  BANK16  BANK17  BANK18  BANK19  BANK20  BANK21  BANK22  BANK23  BANK24  BANK25
      Params:         0       0       0       0       0       0       0       0       0       0       0       0       0       0       0       0       0       0       0       0       0       0       0       0       0       0       0
      Locals:         1       0       0       0       0       0       0       0       0       0       0       0       0       0       0       0       0       0       0       0       0       0       0       0       0       0       0
      Temps:          1       0       0       0       0       0       0       0       0       0       0       0       0       0       0       0       0       0       0       0       0       0       0       0       0       0       0
      Totals:         2       0       0       0       0       0       0       0       0       0       0       0       0       0       0       0       0       0       0       0       0       0       0       0       0       0       0
Total ram usage:        2 bytes
 Hardware stack levels used:    1
 Hardware stack levels required when called:    1
 This function calls:
		Nothing
 This function is called by:
		_openFile
 This function uses a non-reentrant model


 *************** function _SD_OpenStream *****************
 Defined at:
		line 284 in file "SD.c"
 Parameters:    Size  Location     Type
  address         4    3[BANK0 ] long 
 Auto vars:     Size  Location     Type
  a               4   11[BANK0 ] struct .
 Return value:  Size  Location     Type
                  1    wreg      _Bool 
 Registers used:
		wreg, fsr0l, fsr0h, status,2, status,0, pclath, cstack
 Tracked objects:
		On entry : 
		On exit  : 
		Unchanged: 
 Data sizes:     COMMON   BANK0   BANK1   BANK2   BANK3   BANK4   BANK5   BANK6   BANK7   BANK8   BANK9  BANK10  BANK11  BANK12  BANK13  BANK14  BANK15  BANK16  BANK17  BANK18  BANK19  BANK20  BANK21  BANK22  BANK23  BANK24  BANK25
      Params:         0       4       0       0       0       0       0       0       0       0       0       0       0       0       0       0       0       0       0       0       0       0       0       0       0       0       0
      Locals:         0       4       0       0       0       0       0       0       0       0       0       0       0       0       0       0       0       0       0       0       0       0       0       0       0       0       0
      Temps:          0       4       0       0       0       0       0       0       0       0       0       0       0       0       0       0       0       0       0       0       0       0       0       0       0       0       0
      Totals:         0      12       0       0       0       0       0       0       0       0       0       0       0       0       0       0       0       0       0       0       0       0       0       0       0       0       0
Total ram usage:       12 bytes
 Hardware stack levels used:    1
 Hardware stack levels required when called:    3
 This function calls:
		_SD_Check8bitResponse
		_SD_Read8bitResponse
		_SD_SendCommand
 This function is called by:
		_openFile
 This function uses a non-reentrant model


 *************** function _init *****************
 Defined at:
		line 101 in file "main.c"
 Parameters:    Size  Location     Type
		None
 Auto vars:     Size  Location     Type
		None
 Return value:  Size  Location     Type
                  1    wreg      void 
 Registers used:
		wreg, fsr0l, fsr0h, status,2, status,0, pclath, cstack
 Tracked objects:
		On entry : 
		On exit  : 
		Unchanged: 
 Data sizes:     COMMON   BANK0   BANK1   BANK2   BANK3   BANK4   BANK5   BANK6   BANK7   BANK8   BANK9  BANK10  BANK11  BANK12  BANK13  BANK14  BANK15  BANK16  BANK17  BANK18  BANK19  BANK20  BANK21  BANK22  BANK23  BANK24  BANK25
      Params:         0       0       0       0       0       0       0       0       0       0       0       0       0       0       0       0       0       0       0       0       0       0       0       0       0       0       0
      Locals:         0       0       0       0       0       0       0       0       0       0       0       0       0       0       0       0       0       0       0       0       0       0       0       0       0       0       0
      Temps:          0       0       0       0       0       0       0       0       0       0       0       0       0       0       0       0       0       0       0       0       0       0       0       0       0       0       0
      Totals:         0       0       0       0       0       0       0       0       0       0       0       0       0       0       0       0       0       0       0       0       0       0       0       0       0       0       0
Total ram usage:        0 bytes
 Hardware stack levels used:    1
 Hardware stack levels required when called:    4
 This function calls:
		_DAC_Init
		_SD_Init
		_SPI_Init
 This function is called by:
		_main
 This function uses a non-reentrant model


 *************** function _SPI_Init *****************
 Defined at:
		line 7 in file "SPI.c"
 Parameters:    Size  Location     Type
		None
 Auto vars:     Size  Location     Type
		None
 Return value:  Size  Location     Type
                  1    wreg      void 
 Registers used:
		wreg, status,2
 Tracked objects:
		On entry : 
		On exit  : 
		Unchanged: 
 Data sizes:     COMMON   BANK0   BANK1   BANK2   BANK3   BANK4   BANK5   BANK6   BANK7   BANK8   BANK9  BANK10  BANK11  BANK12  BANK13  BANK14  BANK15  BANK16  BANK17  BANK18  BANK19  BANK20  BANK21  BANK22  BANK23  BANK24  BANK25
      Params:         0       0       0       0       0       0       0       0       0       0       0       0       0       0       0       0       0       0       0       0       0       0       0       0       0       0       0
      Locals:         0       0       0       0       0       0       0       0       0       0       0       0       0       0       0       0       0       0       0       0       0       0       0       0       0       0       0
      Temps:          0       0       0       0       0       0       0       0       0       0       0       0       0       0       0       0       0       0       0       0       0       0       0       0       0       0       0
      Totals:         0       0       0       0       0       0       0       0       0       0       0       0       0       0       0       0       0       0       0       0       0       0       0       0       0       0       0
Total ram usage:        0 bytes
 Hardware stack levels used:    1
 Hardware stack levels required when called:    1
 This function calls:
		Nothing
 This function is called by:
		_init
 This function uses a non-reentrant model


 *************** function _SD_Init *****************
 Defined at:
		line 11 in file "SD.c"
 Parameters:    Size  Location     Type
		None
 Auto vars:     Size  Location     Type
		None
 Return value:  Size  Location     Type
                  1    wreg      void 
 Registers used:
		wreg, fsr0l, fsr0h, status,2, status,0, pclath, cstack
 Tracked objects:
		On entry : 
		On exit  : 
		Unchanged: 
 Data sizes:     COMMON   BANK0   BANK1   BANK2   BANK3   BANK4   BANK5   BANK6   BANK7   BANK8   BANK9  BANK10  BANK11  BANK12  BANK13  BANK14  BANK15  BANK16  BANK17  BANK18  BANK19  BANK20  BANK21  BANK22  BANK23  BANK24  BANK25
      Params:         0       0       0       0       0       0       0       0       0       0       0       0       0       0       0       0       0       0       0       0       0       0       0       0       0       0       0
      Locals:         0       0       0       0       0       0       0       0       0       0       0       0       0       0       0       0       0       0       0       0       0       0       0       0       0       0       0
      Temps:          1       0       0       0       0       0       0       0       0       0       0       0       0       0       0       0       0       0       0       0       0       0       0       0       0       0       0
      Totals:         1       0       0       0       0       0       0       0       0       0       0       0       0       0       0       0       0       0       0       0       0       0       0       0       0       0       0
Total ram usage:        1 bytes
 Hardware stack levels used:    1
 Hardware stack levels required when called:    3
 This function calls:
		_SD_Check40bitResponse
		_SD_Check8bitResponse
		_SD_Read40bitResponse
		_SD_Read8bitResponse
		_SD_SendCommand
		_SPI_Write
 This function is called by:
		_init
 This function uses a non-reentrant model


 *************** function _SD_SendCommand *****************
 Defined at:
		line 77 in file "SD.c"
 Parameters:    Size  Location     Type
  CMD_6bit        1    wreg     unsigned char 
  ARG3            1    3[COMMON] unsigned char 
  ARG2            1    4[COMMON] unsigned char 
  ARG1            1    5[COMMON] unsigned char 
  ARG0            1    6[COMMON] unsigned char 
 Auto vars:     Size  Location     Type
  CMD_6bit        1    0[BANK0 ] unsigned char 
  Checksum        1    2[BANK0 ] unsigned char 
  ByteToSend      1    1[BANK0 ] unsigned char 
 Return value:  Size  Location     Type
                  1    wreg      void 
 Registers used:
		wreg, fsr0l, fsr0h, status,2, status,0, pclath, cstack
 Tracked objects:
		On entry : 
		On exit  : 
		Unchanged: 
 Data sizes:     COMMON   BANK0   BANK1   BANK2   BANK3   BANK4   BANK5   BANK6   BANK7   BANK8   BANK9  BANK10  BANK11  BANK12  BANK13  BANK14  BANK15  BANK16  BANK17  BANK18  BANK19  BANK20  BANK21  BANK22  BANK23  BANK24  BANK25
      Params:         4       0       0       0       0       0       0       0       0       0       0       0       0       0       0       0       0       0       0       0       0       0       0       0       0       0       0
      Locals:         0       3       0       0       0       0       0       0       0       0       0       0       0       0       0       0       0       0       0       0       0       0       0       0       0       0       0
      Temps:          1       0       0       0       0       0       0       0       0       0       0       0       0       0       0       0       0       0       0       0       0       0       0       0       0       0       0
      Totals:         5       3       0       0       0       0       0       0       0       0       0       0       0       0       0       0       0       0       0       0       0       0       0       0       0       0       0
Total ram usage:        8 bytes
 Hardware stack levels used:    1
 Hardware stack levels required when called:    2
 This function calls:
		_SPI_Write
 This function is called by:
		_SD_Init
		_SD_OpenStream
		_SD_OpenBlock
		_SD_CloseStream
 This function uses a non-reentrant model


 *************** function _SPI_Write *****************
 Defined at:
		line 38 in file "SPI.c"
 Parameters:    Size  Location     Type
  Data_8bit       1    wreg     unsigned char 
 Auto vars:     Size  Location     Type
  Data_8bit       1    2[COMMON] unsigned char 
 Return value:  Size  Location     Type
                  1    wreg      void 
 Registers used:
		wreg
 Tracked objects:
		On entry : 
		On exit  : 
		Unchanged: 
 Data sizes:     COMMON   BANK0   BANK1   BANK2   BANK3   BANK4   BANK5   BANK6   BANK7   BANK8   BANK9  BANK10  BANK11  BANK12  BANK13  BANK14  BANK15  BANK16  BANK17  BANK18  BANK19  BANK20  BANK21  BANK22  BANK23  BANK24  BANK25
      Params:         0       0       0       0       0       0       0       0       0       0       0       0       0       0       0       0       0       0       0       0       0       0       0       0       0       0       0
      Locals:         1       0       0       0       0       0       0       0       0       0       0       0       0       0       0       0       0       0       0       0       0       0       0       0       0       0       0
      Temps:          0       0       0       0       0       0       0       0       0       0       0       0       0       0       0       0       0       0       0       0       0       0       0       0       0       0       0
      Totals:         1       0       0       0       0       0       0       0       0       0       0       0       0       0       0       0       0       0       0       0       0       0       0       0       0       0       0
Total ram usage:        1 bytes
 Hardware stack levels used:    1
 Hardware stack levels required when called:    1
 This function calls:
		Nothing
 This function is called by:
		_SD_Init
		_SD_SendCommand
 This function uses a non-reentrant model


 *************** function _SD_Read8bitResponse *****************
 Defined at:
		line 112 in file "SD.c"
 Parameters:    Size  Location     Type
		None
 Auto vars:     Size  Location     Type
  readMessage     1    3[COMMON] unsigned char 
 Return value:  Size  Location     Type
                  1    wreg      void 
 Registers used:
		wreg, status,2, status,0, pclath, cstack
 Tracked objects:
		On entry : 
		On exit  : 
		Unchanged: 
 Data sizes:     COMMON   BANK0   BANK1   BANK2   BANK3   BANK4   BANK5   BANK6   BANK7   BANK8   BANK9  BANK10  BANK11  BANK12  BANK13  BANK14  BANK15  BANK16  BANK17  BANK18  BANK19  BANK20  BANK21  BANK22  BANK23  BANK24  BANK25
      Params:         0       0       0       0       0       0       0       0       0       0       0       0       0       0       0       0       0       0       0       0       0       0       0       0       0       0       0
      Locals:         1       0       0       0       0       0       0       0       0       0       0       0       0       0       0       0       0       0       0       0       0       0       0       0       0       0       0
      Temps:          1       0       0       0       0       0       0       0       0       0       0       0       0       0       0       0       0       0       0       0       0       0       0       0       0       0       0
      Totals:         2       0       0       0       0       0       0       0       0       0       0       0       0       0       0       0       0       0       0       0       0       0       0       0       0       0       0
Total ram usage:        2 bytes
 Hardware stack levels used:    1
 Hardware stack levels required when called:    2
 This function calls:
		_SPI_Read
 This function is called by:
		_SD_Init
		_SD_OpenStream
		_SD_OpenBlock
		_SD_CloseStream
 This function uses a non-reentrant model


 *************** function _SD_Read40bitResponse *****************
 Defined at:
		line 141 in file "SD.c"
 Parameters:    Size  Location     Type
		None
 Auto vars:     Size  Location     Type
  readMessage     1    3[COMMON] unsigned char 
 Return value:  Size  Location     Type
                  1    wreg      void 
 Registers used:
		wreg, status,2, status,0, pclath, cstack
 Tracked objects:
		On entry : 
		On exit  : 
		Unchanged: 
 Data sizes:     COMMON   BANK0   BANK1   BANK2   BANK3   BANK4   BANK5   BANK6   BANK7   BANK8   BANK9  BANK10  BANK11  BANK12  BANK13  BANK14  BANK15  BANK16  BANK17  BANK18  BANK19  BANK20  BANK21  BANK22  BANK23  BANK24  BANK25
      Params:         0       0       0       0       0       0       0       0       0       0       0       0       0       0       0       0       0       0       0       0       0       0       0       0       0       0       0
      Locals:         1       0       0       0       0       0       0       0       0       0       0       0       0       0       0       0       0       0       0       0       0       0       0       0       0       0       0
      Temps:          1       0       0       0       0       0       0       0       0       0       0       0       0       0       0       0       0       0       0       0       0       0       0       0       0       0       0
      Totals:         2       0       0       0       0       0       0       0       0       0       0       0       0       0       0       0       0       0       0       0       0       0       0       0       0       0       0
Total ram usage:        2 bytes
 Hardware stack levels used:    1
 Hardware stack levels required when called:    2
 This function calls:
		_SPI_Read
 This function is called by:
		_SD_Init
 This function uses a non-reentrant model


 *************** function _SPI_Read *****************
 Defined at:
		line 46 in file "SPI.c"
 Parameters:    Size  Location     Type
		None
 Auto vars:     Size  Location     Type
		None
 Return value:  Size  Location     Type
                  1    wreg      unsigned char 
 Registers used:
		wreg
 Tracked objects:
		On entry : 
		On exit  : 
		Unchanged: 
 Data sizes:     COMMON   BANK0   BANK1   BANK2   BANK3   BANK4   BANK5   BANK6   BANK7   BANK8   BANK9  BANK10  BANK11  BANK12  BANK13  BANK14  BANK15  BANK16  BANK17  BANK18  BANK19  BANK20  BANK21  BANK22  BANK23  BANK24  BANK25
      Params:         0       0       0       0       0       0       0       0       0       0       0       0       0       0       0       0       0       0       0       0       0       0       0       0       0       0       0
      Locals:         0       0       0       0       0       0       0       0       0       0       0       0       0       0       0       0       0       0       0       0       0       0       0       0       0       0       0
      Temps:          0       0       0       0       0       0       0       0       0       0       0       0       0       0       0       0       0       0       0       0       0       0       0       0       0       0       0
      Totals:         0       0       0       0       0       0       0       0       0       0       0       0       0       0       0       0       0       0       0       0       0       0       0       0       0       0       0
Total ram usage:        0 bytes
 Hardware stack levels used:    1
 Hardware stack levels required when called:    1
 This function calls:
		Nothing
 This function is called by:
		_SD_Read8bitResponse
		_SD_Read40bitResponse
		_SD_CloseBlock
		_readBytes
		_openFile
		_main
		_SD_CloseStream
 This function uses a non-reentrant model


 *************** function _SD_Check8bitResponse *****************
 Defined at:
		line 132 in file "SD.c"
 Parameters:    Size  Location     Type
  Byte            1    wreg     unsigned char 
 Auto vars:     Size  Location     Type
  Byte            1    2[COMMON] unsigned char 
  match           1    3[COMMON] _Bool 
 Return value:  Size  Location     Type
                  1    wreg      _Bool 
 Registers used:
		wreg, status,2
 Tracked objects:
		On entry : 
		On exit  : 
		Unchanged: 
 Data sizes:     COMMON   BANK0   BANK1   BANK2   BANK3   BANK4   BANK5   BANK6   BANK7   BANK8   BANK9  BANK10  BANK11  BANK12  BANK13  BANK14  BANK15  BANK16  BANK17  BANK18  BANK19  BANK20  BANK21  BANK22  BANK23  BANK24  BANK25
      Params:         0       0       0       0       0       0       0       0       0       0       0       0       0       0       0       0       0       0       0       0       0       0       0       0       0       0       0
      Locals:         2       0       0       0       0       0       0       0       0       0       0       0       0       0       0       0       0       0       0       0       0       0       0       0       0       0       0
      Temps:          0       0       0       0       0       0       0       0       0       0       0       0       0       0       0       0       0       0       0       0       0       0       0       0       0       0       0
      Totals:         2       0       0       0       0       0       0       0       0       0       0       0       0       0       0       0       0       0       0       0       0       0       0       0       0       0       0
Total ram usage:        2 bytes
 Hardware stack levels used:    1
 Hardware stack levels required when called:    1
 This function calls:
		Nothing
 This function is called by:
		_SD_Init
		_SD_OpenStream
		_SD_OpenBlock
		_SD_CloseStream
 This function uses a non-reentrant model


 *************** function _SD_Check40bitResponse *****************
 Defined at:
		line 166 in file "SD.c"
 Parameters:    Size  Location     Type
  Byte4           1    wreg     unsigned char 
  Byte3           1    2[COMMON] unsigned char 
  Byte2           1    3[COMMON] unsigned char 
  Byte1           1    4[COMMON] unsigned char 
  Byte0           1    5[COMMON] unsigned char 
 Auto vars:     Size  Location     Type
  Byte4           1    6[COMMON] unsigned char 
  match           1    7[COMMON] _Bool 
 Return value:  Size  Location     Type
                  1    wreg      _Bool 
 Registers used:
		wreg, status,2
 Tracked objects:
		On entry : 
		On exit  : 
		Unchanged: 
 Data sizes:     COMMON   BANK0   BANK1   BANK2   BANK3   BANK4   BANK5   BANK6   BANK7   BANK8   BANK9  BANK10  BANK11  BANK12  BANK13  BANK14  BANK15  BANK16  BANK17  BANK18  BANK19  BANK20  BANK21  BANK22  BANK23  BANK24  BANK25
      Params:         4       0       0       0       0       0       0       0       0       0       0       0       0       0       0       0       0       0       0       0       0       0       0       0       0       0       0
      Locals:         2       0       0       0       0       0       0       0       0       0       0       0       0       0       0       0       0       0       0       0       0       0       0       0       0       0       0
      Temps:          0       0       0       0       0       0       0       0       0       0       0       0       0       0       0       0       0       0       0       0       0       0       0       0       0       0       0
      Totals:         6       0       0       0       0       0       0       0       0       0       0       0       0       0       0       0       0       0       0       0       0       0       0       0       0       0       0
Total ram usage:        6 bytes
 Hardware stack levels used:    1
 Hardware stack levels required when called:    1
 This function calls:
		Nothing
 This function is called by:
		_SD_Init
 This function uses a non-reentrant model


 *************** function _DAC_Init *****************
 Defined at:
		line 30 in file "DAC.c"
 Parameters:    Size  Location     Type
		None
 Auto vars:     Size  Location     Type
		None
 Return value:  Size  Location     Type
                  1    wreg      void 
 Registers used:
		wreg
 Tracked objects:
		On entry : 
		On exit  : 
		Unchanged: 
 Data sizes:     COMMON   BANK0   BANK1   BANK2   BANK3   BANK4   BANK5   BANK6   BANK7   BANK8   BANK9  BANK10  BANK11  BANK12  BANK13  BANK14  BANK15  BANK16  BANK17  BANK18  BANK19  BANK20  BANK21  BANK22  BANK23  BANK24  BANK25
      Params:         0       0       0       0       0       0       0       0       0       0       0       0       0       0       0       0       0       0       0       0       0       0       0       0       0       0       0
      Locals:         0       0       0       0       0       0       0       0       0       0       0       0       0       0       0       0       0       0       0       0       0       0       0       0       0       0       0
      Temps:          0       0       0       0       0       0       0       0       0       0       0       0       0       0       0       0       0       0       0       0       0       0       0       0       0       0       0
      Totals:         0       0       0       0       0       0       0       0       0       0       0       0       0       0       0       0       0       0       0       0       0       0       0       0       0       0       0
Total ram usage:        0 bytes
 Hardware stack levels used:    1
 Hardware stack levels required when called:    1
 This function calls:
		Nothing
 This function is called by:
		_init
 This function uses a non-reentrant model


 *************** function _isr *****************
 Defined at:
		line 122 in file "main.c"
 Parameters:    Size  Location     Type
		None
 Auto vars:     Size  Location     Type
  level           2    0[COMMON] short 
 Return value:  Size  Location     Type
                  1    wreg      void 
 Registers used:
		wreg, fsr1l, fsr1h, status,2, status,0
 Tracked objects:
		On entry : 
		On exit  : 
		Unchanged: 
 Data sizes:     COMMON   BANK0   BANK1   BANK2   BANK3   BANK4   BANK5   BANK6   BANK7   BANK8   BANK9  BANK10  BANK11  BANK12  BANK13  BANK14  BANK15  BANK16  BANK17  BANK18  BANK19  BANK20  BANK21  BANK22  BANK23  BANK24  BANK25
      Params:         0       0       0       0       0       0       0       0       0       0       0       0       0       0       0       0       0       0       0       0       0       0       0       0       0       0       0
      Locals:         2       0       0       0       0       0       0       0       0       0       0       0       0       0       0       0       0       0       0       0       0       0       0       0       0       0       0
      Temps:          0       0       0       0       0       0       0       0       0       0       0       0       0       0       0       0       0       0       0       0       0       0       0       0       0       0       0
      Totals:         2       0       0       0       0       0       0       0       0       0       0       0       0       0       0       0       0       0       0       0       0       0       0       0       0       0       0
Total ram usage:        2 bytes
 Hardware stack levels used:    1
 This function calls:
		Nothing
 This function is called by:
		Interrupt level 1
 This function uses a non-reentrant model



MODULE INFORMATION

Module		Function		Class		Link	Load	Size
SD.c
		_SD_OpenStream 		CODE           	04D1	0000	37
		_SD_Read8bitResponse		CODE           	0544	0000	17
		_SD_CloseBlock 		CODE           	0554	0000	10
		_SD_Check8bitResponse		CODE           	055D	0000	10
		_SD_Read40bitResponse		CODE           	047F	0000	46
		_SD_Init       		CODE           	034A	0000	141
		_SD_Check40bitResponse		CODE           	0512	0000	27
		_SD_SendCommand		CODE           	02AB	0000	160

SD.c estimated size: 448

DAC.c
		_DAC_Init      		CODE           	057C	0000	8

DAC.c estimated size: 8

./error.h
		_error         		CODE           	0566	0000	9

./error.h estimated size: 9

timer.c
		_timer_Init    		CODE           	03D6	0000	103

timer.c estimated size: 103

shared
		_CRCTable      		STRCODE        	005C	0000	257
		__initialization		CODE           	0029	0000	48

shared estimated size: 305

SPI.c
		_SPI_Write     		CODE           	056E	0000	8
		_SPI_Read      		CODE           	0575	0000	8
		_SPI_Init      		CODE           	04F5	0000	30

SPI.c estimated size: 46

main.c
		_readBytes     		CODE           	043C	0000	68
		_init          		CODE           	052C	0000	25
		_main          		CODE           	0209	0000	163
		_fourCCeq      		CODE           	04AC	0000	38
		_isr           		CODE           	0004	0000	36
		_openFile      		CODE           	0161	0000	169

main.c estimated size: 499

